[html.narzotech.com/donatia/index.html]
[backblue.gif]
[fade.gif]
[index.html]
[html.narzotech.com/donatia/images/favicon.webp]
[html.narzotech.com/donatia/css/all.min.css]
[html.narzotech.com/donatia/css/bootstrap.min.css]
[html.narzotech.com/donatia/css/nice-select.css]
[html.narzotech.com/donatia/css/slick.css]
[html.narzotech.com/donatia/css/select2.min.css]
[html.narzotech.com/donatia/css/animated_barfiller.css]
[html.narzotech.com/donatia/css/venobox.min.css]
[html.narzotech.com/donatia/css/scroll_button.css]
[html.narzotech.com/donatia/css/jquery.animatedheadline.css]
[html.narzotech.com/donatia/css/spacing.css]
[html.narzotech.com/donatia/css/style.css]
[html.narzotech.com/donatia/css/responsive.css]
[html.narzotech.com/donatia/images/mail_icon.svg]
[html.narzotech.com/donatia/images/call_icon.svg]
[html.narzotech.com/donatia/images/logo.webp]
[html.narzotech.com/donatia/index_2.html]
[html.narzotech.com/donatia/index_3.html]
[html.narzotech.com/donatia/campaign_list.html]
[html.narzotech.com/donatia/campaign_details.html]
[html.narzotech.com/donatia/event.html]
[html.narzotech.com/donatia/event_details.html]
[html.narzotech.com/donatia/about_us.html]
[html.narzotech.com/donatia/category.html]
[html.narzotech.com/donatia/faq.html]
[html.narzotech.com/donatia/volunteers.html]
[html.narzotech.com/donatia/sign_in.html]
[html.narzotech.com/donatia/sign_up.html]
[html.narzotech.com/donatia/forgot_password.html]
[html.narzotech.com/donatia/services.html]
[html.narzotech.com/donatia/service_details.html]
[html.narzotech.com/donatia/testimonial.html]
[html.narzotech.com/donatia/donot_list.html]
[html.narzotech.com/donatia/photo_gallery.html]
[html.narzotech.com/donatia/video_gallery.html]
[html.narzotech.com/donatia/blogs.html]
[html.narzotech.com/donatia/blog_details.html]
[html.narzotech.com/donatia/contact.html]
[html.narzotech.com/donatia/dashboard_profile.html]
[html.narzotech.com/donatia/dashboard_change_password.html]
[html.narzotech.com/donatia/images/banner_bg_1.webp]
[html.narzotech.com/donatia/images/banner_bg_2.webp]
[html.narzotech.com/donatia/images/banner_bg_3.webp]
[html.narzotech.com/donatia/images/banner_bg_4.webp]
[html.narzotech.com/donatia/images/categori_img_1.webp]
[html.narzotech.com/donatia/images/categori_img_2.webp]
[html.narzotech.com/donatia/images/categori_img_3.webp]
[html.narzotech.com/donatia/images/categori_img_4.webp]
[html.narzotech.com/donatia/images/categori_img_5.webp]
[html.narzotech.com/donatia/images/categori_img_6.webp]
[html.narzotech.com/donatia/images/categori_img_7.webp]
[html.narzotech.com/donatia/images/about-us-images.webp]
[html.narzotech.com/donatia/images/about_icon_1.webp]
[html.narzotech.com/donatia/images/about_icon_2.webp]
[html.narzotech.com/donatia/images/about_icon_3.webp]
[html.narzotech.com/donatia/images/founder.webp]
[html.narzotech.com/donatia/images/donation_video_bg.webp]
[html.narzotech.com/donatia/images/video_image.webp]
[html.narzotech.com/donatia/images/category_icon_1.webp]
[html.narzotech.com/donatia/images/category_icon_2.webp]
[html.narzotech.com/donatia/images/category_icon_3.webp]
[html.narzotech.com/donatia/images/category_icon_4.webp]
[html.narzotech.com/donatia/images/category_icon_5.webp]
[html.narzotech.com/donatia/images/category_icon_6.webp]
[html.narzotech.com/donatia/images/category_icon_7.webp]
[html.narzotech.com/donatia/images/category_icon_8.webp]
[html.narzotech.com/donatia/images/brand_img_1.webp]
[html.narzotech.com/donatia/images/brand_img_2.webp]
[html.narzotech.com/donatia/images/brand_img_3.webp]
[html.narzotech.com/donatia/images/brand_img_4.webp]
[html.narzotech.com/donatia/images/brand_img_5.webp]
[html.narzotech.com/donatia/images/brand_img_6.webp]
[html.narzotech.com/donatia/images/brand_img_7.webp]
[html.narzotech.com/donatia/images/brand_img_8.webp]
[html.narzotech.com/donatia/images/donation_bg_shapes.webp]
[html.narzotech.com/donatia/images/donate_card_img_1.webp]
[html.narzotech.com/donatia/images/donate_card_img_2.webp]
[html.narzotech.com/donatia/images/donate_card_img_3.webp]
[html.narzotech.com/donatia/images/donate_card_img_4.webp]
[html.narzotech.com/donatia/images/donate_card_img_5.webp]
[html.narzotech.com/donatia/images/donate_card_img_6.webp]
[html.narzotech.com/donatia/images/counter_bg.webp]
[html.narzotech.com/donatia/images/counter_icon_1.svg]
[html.narzotech.com/donatia/images/counter_icon_2.svg]
[html.narzotech.com/donatia/images/counter_icon_3.svg]
[html.narzotech.com/donatia/images/counter_icon_4.svg]
[html.narzotech.com/donatia/images/event_img_1.webp]
[html.narzotech.com/donatia/images/event_img_2.webp]
[html.narzotech.com/donatia/images/event_img_3.webp]
[html.narzotech.com/donatia/images/event_img_4.webp]
[html.narzotech.com/donatia/images/become_volanteer_bg.webp]
[html.narzotech.com/donatia/become_volunteer.html]
[html.narzotech.com/donatia/images/author_img.webp]
[html.narzotech.com/donatia/images/volunteer_bg.webp]
[html.narzotech.com/donatia/images/volunteer_img_1.webp]
[html.narzotech.com/donatia/images/volunteer_img_4.webp]
[html.narzotech.com/donatia/images/volunteer_img_3.webp]
[html.narzotech.com/donatia/images/volunteer_img_2.webp]
[html.narzotech.com/donatia/images/volunteer_img_5.webp]
[html.narzotech.com/donatia/images/faq_img.webp]
[html.narzotech.com/donatia/images/blog_img_1.webp]
[html.narzotech.com/donatia/images/blog_img_2.webp]
[html.narzotech.com/donatia/images/blog_img_3.webp]
[html.narzotech.com/donatia/images/footer_bg.webp]
[html.narzotech.com/donatia/privaacy_policy.html]
[html.narzotech.com/donatia/terms_condition.html]
[html.narzotech.com/donatia/js/jquery-3.7.1.min.js]
[html.narzotech.com/donatia/js/bootstrap.bundle.min.js]
[html.narzotech.com/donatia/js/Font-Awesome.js]
[html.narzotech.com/donatia/js/svg-inject.min.js]
[html.narzotech.com/donatia/js/jquery.nice-select.min.js]
[html.narzotech.com/donatia/js/slick.min.js]
[html.narzotech.com/donatia/js/venobox.min.js]
[html.narzotech.com/donatia/js/jquery.waypoints.min.js]
[html.narzotech.com/donatia/js/jquery.countup.min.js]
[html.narzotech.com/donatia/js/jquery.marquee.min.js]
[html.narzotech.com/donatia/js/animated_barfiller.js]
[html.narzotech.com/donatia/js/select2.min.js]
[html.narzotech.com/donatia/js/sticky_sidebar.js]
[html.narzotech.com/donatia/js/scroll_button.js]
[html.narzotech.com/donatia/js/jquery.animatedheadline.min.js]
[html.narzotech.com/donatia/js/main.js]
[html.narzotech.com/donatia/index.html]
[html.narzotech.com/donatia/webfonts/fa-brands-400.eot]
[html.narzotech.com/donatia/webfonts/fa-brands-400.woff2]
[html.narzotech.com/donatia/webfonts/fa-brands-400d41d.eot]
[html.narzotech.com/donatia/webfonts/fa-brands-400.woff]
[html.narzotech.com/donatia/webfonts/fa-brands-400.ttf]
[html.narzotech.com/donatia/webfonts/fa-brands-400.svg]
[html.narzotech.com/donatia/webfonts/fa-regular-400.eot]
[html.narzotech.com/donatia/webfonts/fa-regular-400d41d.eot]
[html.narzotech.com/donatia/webfonts/fa-regular-400.woff2]
[html.narzotech.com/donatia/webfonts/fa-regular-400.woff]
[html.narzotech.com/donatia/webfonts/fa-regular-400.ttf]
[html.narzotech.com/donatia/webfonts/fa-regular-400.svg]
[html.narzotech.com/donatia/webfonts/fa-solid-900d41d.eot]
[html.narzotech.com/donatia/webfonts/fa-solid-900.woff2]
[html.narzotech.com/donatia/webfonts/fa-solid-900.eot]
[html.narzotech.com/donatia/webfonts/fa-solid-900.woff]
[html.narzotech.com/donatia/webfonts/fa-solid-900.ttf]
[html.narzotech.com/donatia/css/all.min.css]
[html.narzotech.com/donatia/css/bootstrap.min.css]
[html.narzotech.com/donatia/css/nice-select.css]
[html.narzotech.com/donatia/css/slick.css]
[html.narzotech.com/donatia/css/select2.min.css]
[html.narzotech.com/donatia/css/animated_barfiller.css]
[html.narzotech.com/donatia/css/venobox.min.css]
[html.narzotech.com/donatia/css/scroll_button.css]
[html.narzotech.com/donatia/css/jquery.animatedheadline.css]
[html.narzotech.com/donatia/css/spacing.css]
[html.narzotech.com/donatia/webfonts/fa-solid-900.svg]
[html.narzotech.com/donatia/images/banner_bg_shapes_3.webp]
[html.narzotech.com/donatia/images/banner_bg_shapes_2.webp]
[html.narzotech.com/donatia/images/banner_bg_shapes.webp]
[html.narzotech.com/donatia/images/banner_img_shapes.webp]
[html.narzotech.com/donatia/images/event_text_shapes.webp]
[html.narzotech.com/donatia/images/text_slider_icon.webp]
[html.narzotech.com/donatia/images/plus_icon.webp]
[html.narzotech.com/donatia/images/minus_icon.webp]
[html.narzotech.com/donatia/images/quot_icon.webp]
[html.narzotech.com/donatia/images/home3_shapes_line.png]
[html.narzotech.com/donatia/images/about_mask_img.webp]
[html.narzotech.com/donatia/images/home_2_bg_shapes.webp]
[html.narzotech.com/donatia/images/testimonial_bg.webp]
[html.narzotech.com/donatia/images/footer_2_banner_love.webp]
[html.narzotech.com/donatia/images/banner_wave_shapes.svg]
[html.narzotech.com/donatia/images/home3_shapes_hand1.png]
[html.narzotech.com/donatia/images/line_shapes_white.png]
[html.narzotech.com/donatia/images/hand_shapes.webp]
[html.narzotech.com/donatia/images/line_shapes_black.png]
[html.narzotech.com/donatia/images/blog_det_quot.webp]
[html.narzotech.com/donatia/css/style.css]
[html.narzotech.com/donatia/css/responsive.css]
[html.narzotech.com/donatia/images/mail_icon.svg]
[html.narzotech.com/donatia/images/call_icon.svg]
[html.narzotech.com/donatia/images/logo_red.png]
[html.narzotech.com/donatia/images/banner_2_bg_1.webp]
[html.narzotech.com/donatia/images/banner_2_bg_2.webp]
[html.narzotech.com/donatia/images/banner_2_bg_3.webp]
[html.narzotech.com/donatia/images/about2_group_img.webp]
[html.narzotech.com/donatia/images/about-us-images_2.webp]
[html.narzotech.com/donatia/images/become_volanteer_bg_2.webp]
[html.narzotech.com/donatia/images/event_img_5.webp]
[html.narzotech.com/donatia/images/event_img_6.webp]
[html.narzotech.com/donatia/images/footer_2_bg.webp]
[html.narzotech.com/donatia/images/footer_banner.webp]
[html.narzotech.com/donatia/images/footer_2_logo.png]
[html.narzotech.com/donatia/index_2.html]
[html.narzotech.com/donatia/images/banner_3_bg.jpg]
[html.narzotech.com/donatia/images/banner_3_img.png]
[html.narzotech.com/donatia/images/about_3_img.jpg]
[html.narzotech.com/donatia/images/counter_3_bg.png]
[html.narzotech.com/donatia/images/counter_3_img.jpg]
[html.narzotech.com/donatia/images/event_3_banner_img.jpg]
[html.narzotech.com/donatia/images/volunteer_3_img.jpg]
[html.narzotech.com/donatia/images/volunteer_3_img_2.jpg]
[html.narzotech.com/donatia/images/faq_3_bg.png]
[html.narzotech.com/donatia/images/faq_3_img.png]
[html.narzotech.com/donatia/index_3.html]
[html.narzotech.com/donatia/images/breadcrumb_bg.webp]
[html.narzotech.com/donatia/images/donate_card_img_7.webp]
[html.narzotech.com/donatia/images/donate_card_img_8.webp]
[html.narzotech.com/donatia/images/donate_card_img_9.webp]
[html.narzotech.com/donatia/campaign_list.html]
[html.narzotech.com/donatia/campaign_details.html]
[html.narzotech.com/donatia/images/event_img_7.webp]
[html.narzotech.com/donatia/images/event_img_8.webp]
[html.narzotech.com/donatia/images/event_img_9.webp]
[html.narzotech.com/donatia/event.html]
[html.narzotech.com/donatia/images/blog_details_img.webp]
[html.narzotech.com/donatia/event_details.html]
[html.narzotech.com/donatia/about_us.html]
[html.narzotech.com/donatia/category.html]
[html.narzotech.com/donatia/faq.html]
[html.narzotech.com/donatia/images/volunteer_img_6.webp]
[html.narzotech.com/donatia/images/volunteer_img_7.webp]
[html.narzotech.com/donatia/images/volunteer_img_8.webp]
[html.narzotech.com/donatia/images/volunteer_img_9.webp]
[html.narzotech.com/donatia/images/volunteer_img_10.webp]
[html.narzotech.com/donatia/images/volunteer_img_11.webp]
[html.narzotech.com/donatia/images/volunteer_img_12.webp]
[html.narzotech.com/donatia/volunteers.html]
[html.narzotech.com/donatia/images/registration_img_2.webp]
[html.narzotech.com/donatia/images/google_login.webp]
[html.narzotech.com/donatia/sign_in.html]
[html.narzotech.com/donatia/images/registration_img.webp]
[html.narzotech.com/donatia/sign_up.html]
[html.narzotech.com/donatia/forgot_password.html]
[html.narzotech.com/donatia/services.html]
[html.narzotech.com/donatia/images/service_details_img.webp]
[html.narzotech.com/donatia/images/blog_img_9.webp]
[html.narzotech.com/donatia/images/blog_img_7.webp]
[html.narzotech.com/donatia/images/blog_img_8.webp]
[html.narzotech.com/donatia/service_details.html]
[html.narzotech.com/donatia/testimonial.html]
[html.narzotech.com/donatia/donot_list.html]
[html.narzotech.com/donatia/images/gallery_img_1.webp]
[html.narzotech.com/donatia/images/gallery_img_2.webp]
[html.narzotech.com/donatia/images/gallery_img_3.webp]
[html.narzotech.com/donatia/images/gallery_img_4.webp]
[html.narzotech.com/donatia/images/gallery_img_5.webp]
[html.narzotech.com/donatia/images/gallery_img_6.webp]
[html.narzotech.com/donatia/images/gallery_img_7.webp]
[html.narzotech.com/donatia/images/gallery_img_8.webp]
[html.narzotech.com/donatia/images/gallery_img_9.webp]
[html.narzotech.com/donatia/photo_gallery.html]
[html.narzotech.com/donatia/video_gallery.html]
[html.narzotech.com/donatia/images/blog_img_4.webp]
[html.narzotech.com/donatia/images/blog_img_5.webp]
[html.narzotech.com/donatia/images/blog_img_6.webp]
[html.narzotech.com/donatia/blogs.html]
[html.narzotech.com/donatia/images/blog_details_author_img.webp]
[html.narzotech.com/donatia/images/comment_img_1.webp]
[html.narzotech.com/donatia/images/comment_img_2.webp]
[html.narzotech.com/donatia/blog_details.html]
[html.narzotech.com/donatia/images/contact_img.webp]
[html.narzotech.com/donatia/contact.html]
[html.narzotech.com/donatia/images/single_topic_sidebar_banner.webp]
[html.narzotech.com/donatia/images/dashboard_profile_img.webp]
[html.narzotech.com/donatia/dashboard_profile_edit.html]
[html.narzotech.com/donatia/dashboard_profile.html]
[html.narzotech.com/donatia/dashboard_change_password.html]
[html.narzotech.com/donatia/images/counter_icon_1.svg]
[html.narzotech.com/donatia/images/counter_icon_2.svg]
[html.narzotech.com/donatia/images/counter_icon_3.svg]
[html.narzotech.com/donatia/images/counter_icon_4.svg]
[html.narzotech.com/donatia/become_volunteer.html]
[html.narzotech.com/donatia/volunteer.html]
[html.narzotech.com/donatia/privaacy_policy.html]
[html.narzotech.com/donatia/terms_condition.html]
[html.narzotech.com/donatia/webfonts/fa-brands-400.svg]
[html.narzotech.com/donatia/webfonts/fa-regular-400.svg]
[html.narzotech.com/donatia/webfonts/fa-solid-900.svg]
[html.narzotech.com/donatia/images/checkbox_check.svg]
[html.narzotech.com/donatia/images/banner_wave_shapes.svg]
[html.narzotech.com/donatia/blog.html]
[html.narzotech.com/donatia/privacy_policy.html]
[html.narzotech.com/donatia/packages.html]
[html.narzotech.com/donatia/about.html]
[html.narzotech.com/donatia/news.html]
[html.narzotech.com/donatia/campaign.html]
[html.narzotech.com/donatia/dashboard_profile_edit.html]
